// Jest Snapshot v1, https://goo.gl/fbAQLP

exports[`ApplicationIntlProvider Snapshots should render an ApplicationIntlContext.Provider 1`] = `
<InjectIntl(Component)
  intl={
    Object {
      "defaultFormats": Object {},
      "defaultLocale": "en",
      "formatDate": [Function],
      "formatHTMLMessage": [Function],
      "formatMessage": [Function],
      "formatNumber": [Function],
      "formatPlural": [Function],
      "formatRelative": [Function],
      "formatTime": [Function],
      "formats": Object {},
      "formatters": Object {
        "getDateTimeFormat": [Function],
        "getMessageFormat": [Function],
        "getNumberFormat": [Function],
        "getPluralFormat": [Function],
        "getRelativeFormat": [Function],
      },
      "locale": "en",
      "messages": null,
      "now": [Function],
      "onError": [Function],
      "textComponent": "span",
      "timeZone": null,
    }
  }
>
  <Component
    intl={
      Object {
        "defaultFormats": Object {},
        "defaultLocale": "en",
        "formatDate": [Function],
        "formatHTMLMessage": [Function],
        "formatMessage": [Function],
        "formatNumber": [Function],
        "formatPlural": [Function],
        "formatRelative": [Function],
        "formatTime": [Function],
        "formats": Object {},
        "formatters": Object {
          "getDateTimeFormat": [Function],
          "getMessageFormat": [Function],
          "getNumberFormat": [Function],
          "getPluralFormat": [Function],
          "getRelativeFormat": [Function],
        },
        "locale": "en",
        "messages": null,
        "now": [Function],
        "onError": [Function],
        "textComponent": "span",
        "timeZone": null,
      }
    }
  >
    <div>
      Test Component
    </div>
  </Component>
</InjectIntl(Component)>
`;
